[bootstrapmaster.com/live/acme2/index.html]
[backblue.gif]
[fade.gif]
[index.html]
[bootstrapmaster.com/live/acme2/assets/css/bootstrap.min.css]
[bootstrapmaster.com/live/acme2/assets/css/style.min.css]
[bootstrapmaster.com/live/acme2/assets/css/retina.min.css]
[bootstrapmaster.com/live/acme2/assets/ico/apple-touch-icon-144-precomposed.png]
[bootstrapmaster.com/live/acme2/assets/ico/apple-touch-icon-114-precomposed.png]
[bootstrapmaster.com/live/acme2/assets/ico/apple-touch-icon-72-precomposed.png]
[bootstrapmaster.com/live/acme2/assets/ico/apple-touch-icon-57-precomposed.png]
[bootstrapmaster.com/live/acme2/assets/ico/favicon.png]
[bootstrapmaster.com/live/acme2/index-2.html]
[bootstrapmaster.com/live/acme2/assets/img/avatar.jpg]
[bootstrapmaster.com/live/acme2/assets/img/avatar2.jpg]
[bootstrapmaster.com/live/acme2/assets/img/avatar3.jpg]
[bootstrapmaster.com/live/acme2/assets/img/avatar4.jpg]
[bootstrapmaster.com/live/acme2/assets/img/avatar5.jpg]
[bootstrapmaster.com/live/acme2/login.html]
[bootstrapmaster.com/live/acme2/ui-sliders-progress.html]
[bootstrapmaster.com/live/acme2/ui-nestable-list.html]
[bootstrapmaster.com/live/acme2/ui-elements.html]
[bootstrapmaster.com/live/acme2/widgets.html]
[bootstrapmaster.com/live/acme2/page-infrastructure.html]
[bootstrapmaster.com/live/acme2/page-inbox.html]
[bootstrapmaster.com/live/acme2/page-todo.html]
[bootstrapmaster.com/live/acme2/form-elements.html]
[bootstrapmaster.com/live/acme2/form-wizard.html]
[bootstrapmaster.com/live/acme2/form-dropzone.html]
[bootstrapmaster.com/live/acme2/charts-flot.html]
[bootstrapmaster.com/live/acme2/charts-xcharts.html]
[bootstrapmaster.com/live/acme2/charts-others.html]
[bootstrapmaster.com/live/acme2/typography.html]
[bootstrapmaster.com/live/acme2/gallery.html]
[bootstrapmaster.com/live/acme2/table.html]
[bootstrapmaster.com/live/acme2/calendar.html]
[bootstrapmaster.com/live/acme2/file-manager.html]
[bootstrapmaster.com/live/acme2/icons-halflings.html]
[bootstrapmaster.com/live/acme2/icons-glyphicons-pro.html]
[bootstrapmaster.com/live/acme2/icons-filetypes.html]
[bootstrapmaster.com/live/acme2/icons-social.html]
[bootstrapmaster.com/live/acme2/icons-font-awesome.html]
[bootstrapmaster.com/live/acme2/assets/img/uparrow.png]
[bootstrapmaster.com/live/acme2/assets/img/downarrow.png]
[bootstrapmaster.com/live/acme2/assets/img/browser-chrome-big.png]
[bootstrapmaster.com/live/acme2/assets/img/browser-firefox-big.png]
[bootstrapmaster.com/live/acme2/assets/img/browser-ie.png]
[bootstrapmaster.com/live/acme2/assets/img/browser-safari.png]
[bootstrapmaster.com/live/acme2/assets/img/browser-opera.png]
[bootstrapmaster.com/live/acme2/assets/js/jquery-migrate-1.2.1.min.js]
[bootstrapmaster.com/live/acme2/assets/js/jquery-2.1.0.min.js]
[bootstrapmaster.com/live/acme2/assets/js/bootstrap.min.js]
[bootstrapmaster.com/live/acme2/assets/js/jquery.flot.pie.min.js]
[bootstrapmaster.com/live/acme2/assets/js/jquery.flot.stack.min.js]
[bootstrapmaster.com/live/acme2/assets/js/jquery.sparkline.min.js]
[bootstrapmaster.com/live/acme2/assets/js/jquery.flot.min.js]
[bootstrapmaster.com/live/acme2/assets/js/jquery.flot.resize.min.js]
[bootstrapmaster.com/live/acme2/assets/js/jquery.flot.time.min.js]
[bootstrapmaster.com/live/acme2/assets/js/retina.min.js]
[bootstrapmaster.com/live/acme2/assets/js/custom.min.js]
[bootstrapmaster.com/live/acme2/assets/js/justgage.1.0.1.min.js]
[bootstrapmaster.com/live/acme2/assets/js/core.min.js]
[bootstrapmaster.com/live/acme2/index.html]
[bootstrapmaster.com/live/acme2/assets/fonts/glyphicons-halflings-regular.eot]
[bootstrapmaster.com/live/acme2/assets/js/pages/index.js]
[bootstrapmaster.com/live/acme2/assets/fonts/glyphicons-halflings-regular.woff]
[bootstrapmaster.com/live/acme2/assets/js/jquery-ui-1.10.3.custom.min.js]
[bootstrapmaster.com/live/acme2/assets/fonts/glyphicons-halflings-regulard41d.eot]
[bootstrapmaster.com/live/acme2/assets/js/raphael.min.js]
[bootstrapmaster.com/live/acme2/assets/fonts/glyphicons-halflings-regular.ttf]
[bootstrapmaster.com/live/acme2/assets/css/bootstrap.min.css]
[bootstrapmaster.com/live/acme2/assets/css/jquery-ui-1.10.3.custom.css]
[bootstrapmaster.com/live/acme2/assets/css/fullcalendar.css]
[bootstrapmaster.com/live/acme2/assets/css/chosen.css]
[bootstrapmaster.com/live/acme2/assets/css/jquery.cleditor.css]
[bootstrapmaster.com/live/acme2/assets/css/jquery.noty.css]
[bootstrapmaster.com/live/acme2/assets/css/noty_theme_default.css]
[bootstrapmaster.com/live/acme2/assets/css/elfinder.min.css]
[bootstrapmaster.com/live/acme2/assets/css/elfinder.theme.css]
[bootstrapmaster.com/live/acme2/assets/css/uploadify.css]
[bootstrapmaster.com/live/acme2/assets/css/jquery.gritter.css]
[bootstrapmaster.com/live/acme2/assets/css/font-awesome.min.css]
[bootstrapmaster.com/live/acme2/assets/css/font-awesome-ie7.min.css]
[bootstrapmaster.com/live/acme2/assets/css/glyphicons.css]
[bootstrapmaster.com/live/acme2/assets/css/halflings.css]
[bootstrapmaster.com/live/acme2/assets/css/filetypes.css]
[bootstrapmaster.com/live/acme2/assets/css/social.css]
[bootstrapmaster.com/live/acme2/assets/css/dropzone.css]
[bootstrapmaster.com/live/acme2/assets/css/xcharts.min.css]
[bootstrapmaster.com/live/acme2/assets/css/jquery.easy-pie-chart.css]
[bootstrapmaster.com/live/acme2/assets/img/quote.png]
[bootstrapmaster.com/live/acme2/assets/img/chat-right.png]
[bootstrapmaster.com/live/acme2/assets/img/chat-left.png]
[bootstrapmaster.com/live/acme2/assets/img/slider_r8.png]
[bootstrapmaster.com/live/acme2/assets/img/grid_grey.jpg]
[bootstrapmaster.com/live/acme2/assets/img/sort_both.png]
[bootstrapmaster.com/live/acme2/assets/img/sort_asc.png]
[bootstrapmaster.com/live/acme2/assets/img/sort_desc.png]
[bootstrapmaster.com/live/acme2/assets/img/sort_asc_disabled.png]
[bootstrapmaster.com/live/acme2/assets/img/sort_desc_disabled.png]
[bootstrapmaster.com/live/acme2/assets/img/saturation.png]
[bootstrapmaster.com/live/acme2/assets/img/hue.png]
[bootstrapmaster.com/live/acme2/assets/img/alpha.png]
[bootstrapmaster.com/live/acme2/assets/img/timeline-bg.png]
[bootstrapmaster.com/live/acme2/assets/img/timeline-left-arrow.png]
[bootstrapmaster.com/live/acme2/assets/img/timeline-right-arrow.png]
[bootstrapmaster.com/live/acme2/assets/css/style.min.css]
[bootstrapmaster.com/live/acme2/assets/img/timeline-left-arrow@2x.png]
[bootstrapmaster.com/live/acme2/assets/img/timeline-right-arrow@2x.png]
[bootstrapmaster.com/live/acme2/assets/img/chat-left@2x.png]
[bootstrapmaster.com/live/acme2/assets/img/chat-right@2x.png]
[bootstrapmaster.com/live/acme2/assets/css/retina.min.css]
[bootstrapmaster.com/live/acme2/index-2.html]
[bootstrapmaster.com/live/acme2/assets/img/bg-login.jpg]
[bootstrapmaster.com/live/acme2/login.html]
[bootstrapmaster.com/live/acme2/assets/js/jquery.ui.touch-punch.min.js]
[bootstrapmaster.com/live/acme2/assets/js/pages/ui-sliders-progress.js]
[bootstrapmaster.com/live/acme2/ui-sliders-progress.html]
[bootstrapmaster.com/live/acme2/assets/js/jquery.nestable.min.js]
[bootstrapmaster.com/live/acme2/assets/js/pages/ui-nestable-list.js]
[bootstrapmaster.com/live/acme2/ui-nestable-list.html]
[bootstrapmaster.com/live/acme2/assets/js/jquery.noty.min.js]
[bootstrapmaster.com/live/acme2/assets/js/jquery.raty.min.js]
[bootstrapmaster.com/live/acme2/assets/js/jquery.gritter.min.js]
[bootstrapmaster.com/live/acme2/assets/js/pages/ui-elements.js]
[bootstrapmaster.com/live/acme2/ui-elements.html]
[bootstrapmaster.com/live/acme2/assets/img/avatar9.jpg]
[bootstrapmaster.com/live/acme2/assets/img/avatar6.jpg]
[bootstrapmaster.com/live/acme2/assets/img/avatar7.jpg]
[bootstrapmaster.com/live/acme2/assets/img/avatar8.jpg]
[bootstrapmaster.com/live/acme2/assets/js/jquery.autosize.min.js]
[bootstrapmaster.com/live/acme2/assets/js/jquery.placeholder.min.js]
[bootstrapmaster.com/live/acme2/widgets.html]
[bootstrapmaster.com/live/acme2/assets/js/pages/widgets.js]
[bootstrapmaster.com/live/acme2/assets/js/jquery.knob.modified.min.js]
[bootstrapmaster.com/live/acme2/assets/js/counter.min.js]
[bootstrapmaster.com/live/acme2/assets/js/fullcalendar.min.js]
[bootstrapmaster.com/live/acme2/assets/js/pages/page-infrastructure.js]
[bootstrapmaster.com/live/acme2/page-infrastructure.html]
[bootstrapmaster.com/live/acme2/assets/js/pages/page-inbox.js]
[bootstrapmaster.com/live/acme2/page-inbox.html]
[bootstrapmaster.com/live/acme2/page-todo.html]
[bootstrapmaster.com/live/acme2/assets/js/jquery.chosen.min.js]
[bootstrapmaster.com/live/acme2/assets/js/jquery.cleditor.min.js]
[bootstrapmaster.com/live/acme2/assets/js/jquery.maskedinput.min.js]
[bootstrapmaster.com/live/acme2/assets/js/jquery.inputlimiter.1.3.1.min.js]
[bootstrapmaster.com/live/acme2/assets/js/bootstrap-datepicker.min.js]
[bootstrapmaster.com/live/acme2/assets/js/bootstrap-timepicker.min.js]
[bootstrapmaster.com/live/acme2/assets/js/moment.min.js]
[bootstrapmaster.com/live/acme2/assets/js/daterangepicker.min.js]
[bootstrapmaster.com/live/acme2/assets/js/jquery.hotkeys.min.js]
[bootstrapmaster.com/live/acme2/assets/js/bootstrap-wysiwyg.min.js]
[bootstrapmaster.com/live/acme2/assets/js/bootstrap-colorpicker.min.js]
[bootstrapmaster.com/live/acme2/assets/js/pages/form-elements.js]
[bootstrapmaster.com/live/acme2/form-elements.html]
[bootstrapmaster.com/live/acme2/assets/js/wizard.min.js]
[bootstrapmaster.com/live/acme2/assets/js/pages/form-wizard.js]
[bootstrapmaster.com/live/acme2/form-wizard.html]
[bootstrapmaster.com/live/acme2/assets/js/dropzone.min.js]
[bootstrapmaster.com/live/acme2/assets/js/pages/form-dropzone.js]
[bootstrapmaster.com/live/acme2/form-dropzone.html]
[bootstrapmaster.com/live/acme2/assets/js/pages/charts-flot.js]
[bootstrapmaster.com/live/acme2/charts-flot.html]
[bootstrapmaster.com/live/acme2/assets/js/xcharts.min.js]
[bootstrapmaster.com/live/acme2/charts-xcharts.html]
[bootstrapmaster.com/live/acme2/assets/js/pages/charts-xcharts.js]
[bootstrapmaster.com/live/acme2/assets/js/jquery.easy-pie-chart.min.js]
[bootstrapmaster.com/live/acme2/charts-others.html]
[bootstrapmaster.com/live/acme2/typography.html]
[bootstrapmaster.com/live/acme2/assets/js/pages/charts-other.js]
[bootstrapmaster.com/live/acme2/assets/img/gallery/photo1.jpg]
[bootstrapmaster.com/live/acme2/assets/img/gallery/photo2.jpg]
[bootstrapmaster.com/live/acme2/assets/img/gallery/photo3.jpg]
[bootstrapmaster.com/live/acme2/assets/js/d3.min.js]
[bootstrapmaster.com/live/acme2/assets/img/gallery/photo4.jpg]
[bootstrapmaster.com/live/acme2/assets/img/gallery/photo5.jpg]
[bootstrapmaster.com/live/acme2/assets/img/gallery/photo6.jpg]
[bootstrapmaster.com/live/acme2/assets/img/gallery/photo7.jpg]
[bootstrapmaster.com/live/acme2/assets/img/gallery/photo8.jpg]
[bootstrapmaster.com/live/acme2/assets/img/gallery/photo9.jpg]
[bootstrapmaster.com/live/acme2/assets/img/gallery/photo10.jpg]
[bootstrapmaster.com/live/acme2/assets/img/gallery/photo11.jpg]
[bootstrapmaster.com/live/acme2/assets/img/gallery/photo12.jpg]
[bootstrapmaster.com/live/acme2/assets/img/gallery/photo13.jpg]
[bootstrapmaster.com/live/acme2/gallery.html]
[bootstrapmaster.com/live/acme2/assets/js/jquery.dataTables.min.js]
[bootstrapmaster.com/live/acme2/assets/js/dataTables.bootstrap.min.js]
[bootstrapmaster.com/live/acme2/assets/js/pages/table.js]
[bootstrapmaster.com/live/acme2/table.html]
[bootstrapmaster.com/live/acme2/assets/js/pages/calendar.js]
[bootstrapmaster.com/live/acme2/calendar.html]
[bootstrapmaster.com/live/acme2/assets/js/pages/file-manager.js]
[bootstrapmaster.com/live/acme2/file-manager.html]
[bootstrapmaster.com/live/acme2/assets/js/modernizr.js]
[bootstrapmaster.com/live/acme2/icons-halflings.html]
[bootstrapmaster.com/live/acme2/icons-glyphicons-pro.html]
[bootstrapmaster.com/live/acme2/icons-filetypes.html]
[bootstrapmaster.com/live/acme2/icons-social.html]
[bootstrapmaster.com/live/acme2/icons-font-awesome.html]
[bootstrapmaster.com/live/acme2/assets/fonts/glyphicons-halflings-regular.svg]
[bootstrapmaster.com/live/acme2/assets/img/animated-overlay.gif]
[bootstrapmaster.com/live/acme2/assets/img/ui-bg_flat_75_ffffff_40x100.png]
[bootstrapmaster.com/live/acme2/assets/img/ui-bg_highlight-soft_50_dddddd_1x100.png]
[bootstrapmaster.com/live/acme2/assets/js/jquery.elfinder.min.js]
[bootstrapmaster.com/live/acme2/assets/img/ui-bg_highlight-soft_100_f6f6f6_1x100.png]
[bootstrapmaster.com/live/acme2/assets/img/ui-bg_highlight-soft_25_0073ea_1x100.png]
[bootstrapmaster.com/live/acme2/assets/img/ui-bg_glass_65_ffffff_1x400.png]
[bootstrapmaster.com/live/acme2/assets/img/ui-bg_flat_55_ffffff_40x100.png]
[bootstrapmaster.com/live/acme2/assets/img/ui-icons_ff0084_256x240.png]
[bootstrapmaster.com/live/acme2/assets/img/ui-icons_0073ea_256x240.png]
[bootstrapmaster.com/live/acme2/assets/img/ui-icons_666666_256x240.png]
[bootstrapmaster.com/live/acme2/assets/img/ui-icons_ffffff_256x240.png]
[bootstrapmaster.com/live/acme2/assets/img/ui-icons_454545_256x240.png]
[bootstrapmaster.com/live/acme2/assets/img/ui-bg_flat_0_eeeeee_40x100.png]
[bootstrapmaster.com/live/acme2/assets/img/ui-bg_flat_0_aaaaaa_40x100.png]
[bootstrapmaster.com/live/acme2/assets/css/jquery-ui-1.10.3.custom.css]
[bootstrapmaster.com/live/acme2/assets/css/fullcalendar.css]
[bootstrapmaster.com/live/acme2/assets/css/chosen-sprite.png]
[bootstrapmaster.com/live/acme2/assets/css/chosen-sprite@2x.png]
[bootstrapmaster.com/live/acme2/assets/css/chosen.css]
[bootstrapmaster.com/live/acme2/assets/img/toolbar.gif]
[bootstrapmaster.com/live/acme2/assets/img/buttons.gif]
[bootstrapmaster.com/live/acme2/assets/css/jquery.cleditor.css]
[bootstrapmaster.com/live/acme2/assets/css/jquery.noty.css]
[bootstrapmaster.com/live/acme2/assets/css/noty_theme_default.css]
[bootstrapmaster.com/live/acme2/assets/img/crop.gif]
[bootstrapmaster.com/live/acme2/assets/img/progress.gif]
[bootstrapmaster.com/live/acme2/assets/img/logo.png]
[bootstrapmaster.com/live/acme2/assets/img/toolbar.png]
[bootstrapmaster.com/live/acme2/assets/img/arrows-normal.png]
[bootstrapmaster.com/live/acme2/assets/img/icons-big.png]
[bootstrapmaster.com/live/acme2/assets/img/icons-small.png]
[bootstrapmaster.com/live/acme2/assets/img/dialogs.png]
[bootstrapmaster.com/live/acme2/assets/img/spinner-mini.gif]
[bootstrapmaster.com/live/acme2/assets/img/arrows-active.png]
[bootstrapmaster.com/live/acme2/assets/img/resize.png]
[bootstrapmaster.com/live/acme2/assets/img/quicklook-bg.png]
[bootstrapmaster.com/live/acme2/assets/img/quicklook-icons.png]
[bootstrapmaster.com/live/acme2/assets/css/elfinder.min.css]
[bootstrapmaster.com/live/acme2/assets/css/elfinder.theme.css]
[bootstrapmaster.com/live/acme2/assets/img/uploadify-cancel.png]
[bootstrapmaster.com/live/acme2/assets/css/uploadify.css]
[bootstrapmaster.com/live/acme2/assets/img/close-button-white.png]
[bootstrapmaster.com/live/acme2/assets/img/close-button.png]
[bootstrapmaster.com/live/acme2/assets/css/jquery.gritter.css]
[bootstrapmaster.com/live/acme2/assets/fonts/fontawesome-webfontba72.eot]
[bootstrapmaster.com/live/acme2/assets/fonts/fontawesome-webfontd41d.eot]
[bootstrapmaster.com/live/acme2/assets/fonts/fontawesome-webfontba72.woff]
[bootstrapmaster.com/live/acme2/assets/fonts/fontawesome-webfontba72.ttf]
[bootstrapmaster.com/live/acme2/assets/css/font-awesome.min.css]
[bootstrapmaster.com/live/acme2/assets/css/font-awesome-ie7.min.css]
[bootstrapmaster.com/live/acme2/assets/fonts/glyphicons-regular.eot]
[bootstrapmaster.com/live/acme2/assets/fonts/glyphicons-regular.woff]
[bootstrapmaster.com/live/acme2/assets/fonts/glyphicons-regulard41d.eot]
[bootstrapmaster.com/live/acme2/assets/fonts/glyphicons-regular.ttf]
[bootstrapmaster.com/live/acme2/assets/images/glyphicons.svg]
[bootstrapmaster.com/live/acme2/assets/images/glyphicons.png]
[bootstrapmaster.com/live/acme2/assets/images/glyphicons-white.svg]
[bootstrapmaster.com/live/acme2/assets/images/glyphicons-white.png]
[bootstrapmaster.com/live/acme2/assets/css/glyphicons.css]
[bootstrapmaster.com/live/acme2/assets/images/glyphicons_halflings.svg]
[bootstrapmaster.com/live/acme2/assets/images/glyphicons_halflings.png]
[bootstrapmaster.com/live/acme2/assets/images/glyphicons_halflings-white.svg]
[bootstrapmaster.com/live/acme2/assets/images/glyphicons_halflings-white.png]
[bootstrapmaster.com/live/acme2/assets/css/halflings.css]
[bootstrapmaster.com/live/acme2/assets/fonts/glyphicons-filetypes-regular.eot]
[bootstrapmaster.com/live/acme2/assets/fonts/glyphicons-filetypes-regulard41d.eot]
[bootstrapmaster.com/live/acme2/assets/fonts/glyphicons-filetypes-regular.woff]
[bootstrapmaster.com/live/acme2/assets/fonts/glyphicons-filetypes-regular.dd.delayed]
[bootstrapmaster.com/live/acme2/assets/images/glyphicons_filetypes.svg]
[bootstrapmaster.com/live/acme2/assets/images/glyphicons_filetypes.png]
[bootstrapmaster.com/live/acme2/assets/images/glyphicons_filetypes-white.svg]
[bootstrapmaster.com/live/acme2/assets/images/glyphicons_filetypes-white.png]
[bootstrapmaster.com/live/acme2/assets/css/filetypes.css]
[bootstrapmaster.com/live/acme2/assets/fonts/glyphicons-social-regular.eot]
[bootstrapmaster.com/live/acme2/assets/fonts/glyphicons-social-regular.woff]
[bootstrapmaster.com/live/acme2/assets/fonts/glyphicons-social-regulard41d.eot]
[bootstrapmaster.com/live/acme2/assets/fonts/glyphicons-social-regular.ttf]
[bootstrapmaster.com/live/acme2/assets/images/glyphicons_social.svg]
[bootstrapmaster.com/live/acme2/assets/images/glyphicons_social.png]
[bootstrapmaster.com/live/acme2/assets/images/glyphicons_social-white.svg]
[bootstrapmaster.com/live/acme2/assets/images/glyphicons_social-white.png]
[bootstrapmaster.com/live/acme2/assets/css/social.css]
[bootstrapmaster.com/live/acme2/assets/img/spritemap.png]
[bootstrapmaster.com/live/acme2/assets/img/spritemap@2x.png]
[bootstrapmaster.com/live/acme2/assets/css/dropzone.css]
[bootstrapmaster.com/live/acme2/assets/css/xcharts.min.css]
[bootstrapmaster.com/live/acme2/assets/css/jquery.easy-pie-chart.css]
[bootstrapmaster.com/live/acme2/assets/img/saturation.html]
[bootstrapmaster.com/live/acme2/assets/img/hue.html]
[bootstrapmaster.com/live/acme2/assets/img/alpha.html]
[bootstrapmaster.com/live/acme2/assets/img/animated-overlay.html]
[bootstrapmaster.com/live/acme2/assets/img/ui-icons_ffffff_256x240.html]
[bootstrapmaster.com/live/acme2/assets/fonts/fontawesome-webfontba72.svg]
[bootstrapmaster.com/live/acme2/assets/fonts/glyphicons-regular.svg]
[bootstrapmaster.com/live/acme2/assets/images/glyphicons.html]
[bootstrapmaster.com/live/acme2/assets/images/glyphicons-2.html]
[bootstrapmaster.com/live/acme2/assets/images/glyphicons-white.html]
[bootstrapmaster.com/live/acme2/assets/images/glyphicons-white-2.html]
[bootstrapmaster.com/live/acme2/assets/images/glyphicons_halflings.html]
[bootstrapmaster.com/live/acme2/assets/images/glyphicons_halflings-2.html]
[bootstrapmaster.com/live/acme2/assets/images/glyphicons_halflings-white.html]
[bootstrapmaster.com/live/acme2/assets/images/glyphicons_halflings-white-2.html]
[bootstrapmaster.com/live/acme2/assets/fonts/glyphicons-filetypes-regular.html]
[bootstrapmaster.com/live/acme2/assets/fonts/glyphicons-filetypes-regular.svg]
[bootstrapmaster.com/live/acme2/assets/images/glyphicons_filetypes.html]
[bootstrapmaster.com/live/acme2/assets/images/glyphicons_filetypes-2.html]
[bootstrapmaster.com/live/acme2/assets/images/glyphicons_filetypes-white.html]
[bootstrapmaster.com/live/acme2/assets/images/glyphicons_filetypes-white-2.html]
[bootstrapmaster.com/live/acme2/assets/fonts/glyphicons-social-regular.svg]
[bootstrapmaster.com/live/acme2/assets/images/glyphicons_social.html]
[bootstrapmaster.com/live/acme2/assets/images/glyphicons_social-2.html]
[bootstrapmaster.com/live/acme2/assets/images/glyphicons_social-white.html]
[bootstrapmaster.com/live/acme2/assets/images/glyphicons_social-white-2.html]
